[backblue.gif]
[fade.gif]
[index.html]
[damnedbetagame.repl.co/themes/damned/assets/images/favicon8510851085108510.ico]
[damnedbetagame.repl.co/themes/damned/assets/images/parallax-banner/bg-deep-blue.png]
[damnedbetagame.repl.co/themes/damned/assets/images/parallax-banner/parallax-04.png]
[damnedbetagame.repl.co/themes/damned/assets/images/parallax-banner/fog-03.png]
[damnedbetagame.repl.co/themes/damned/assets/images/parallax-banner/parallax-03.png]
[damnedbetagame.repl.co/themes/damned/assets/images/parallax-banner/fog-02.png]
[damnedbetagame.repl.co/themes/damned/assets/images/parallax-banner/parallax-02.png]
[damnedbetagame.repl.co/themes/damned/assets/images/parallax-banner/fog-01.png]
[damnedbetagame.repl.co/themes/damned/assets/images/parallax-banner/parallax-01.png]
[damnedbetagame.repl.co/storage/app/media/site_gif_01.gif]
[damnedbetagame.repl.co/storage/app/media/site_gif_02.gif]
[damnedbetagame.repl.co/storage/app/media/site_gif_03.gif]
[damnedbetagame.repl.co/storage/app/uploads/public/5f4/04a/e6d/5f404ae6d9548364333870.jpg]
[damnedbetagame.repl.co/storage/app/uploads/public/5f4/04a/e8d/5f404ae8da386425492637.png]
[damnedbetagame.repl.co/storage/app/uploads/public/5f4/04a/e84/5f404ae846baa550833270.png]
[damnedbetagame.repl.co/storage/app/uploads/public/5f4/04a/e79/5f404ae795f09940878990.png]
[damnedbetagame.repl.co/storage/app/uploads/public/5f4/04a/e6d/5f404ae6d8e1e682945750.png]
[damnedbetagame.repl.co/storage/app/uploads/public/5f4/04a/e8d/5f404ae8d5ebd046030759.png]
[damnedbetagame.repl.co/storage/app/uploads/public/5f4/04a/e83/5f404ae83b3ed367891541.png]
[damnedbetagame.repl.co/storage/app/uploads/public/5f4/04a/e79/5f404ae791733987957703.png]
[damnedbetagame.repl.co/cdn-cgi/scripts/5c5dd728/cloudflare-static/email-decode.min.js]
[damnedbetagame.repl.co/themes/damned/assets/js/main.min.js]
[damnedbetagame.repl.co/modules/system/assets/js/framework.js]
[damnedbetagame.repl.co/modules/system/assets/js/framework.extras.js]
[damnedbetagame.repl.co/index.html]
[damnedbetagame.repl.co/en-us.html]
[damnedbetagame.repl.co/storage/app/uploads/public/5f2/36e/ed3/5f236eed33d34752313128.png]
[damnedbetagame.repl.co/storage/app/uploads/public/5f2/36f/1f5/5f236f1f5e5ac403759982.png]
[damnedbetagame.repl.co/storage/app/uploads/public/5f4/983/f06/5f4983f06e008826702728.png]
[damnedbetagame.repl.co/storage/app/uploads/public/5f6/364/19d/5f636419dae17173414355.png]
[damnedbetagame.repl.co/pt-br.html]
[cdn.glitch.me/d7f4f279-e13b-4330-8422-00b2d9211424/Glitch-Error-Rainbow-Mug-hires.png]
[damnedbetagame.repl.co/hemes/damned/assets/images/avicon85108510.html]
[damnedbetagame.repl.co/themes/damned/assets/images/promo.html]
[damnedbetagame.repl.co/themes/damned/assets/fonts/icons/icons-elderand6262626262626262.eot]
[damnedbetagame.repl.co/themes/damned/assets/fonts/icons/icons-elderand6262626262626262.woff2]
[damnedbetagame.repl.co/themes/damned/assets/fonts/icons/icons-elderand6262626262626262.woff]
[damnedbetagame.repl.co/themes/damned/assets/fonts/icons/icons-elderand6262626262626262.ttf]
[damnedbetagame.repl.co/themes/damned/assets/fonts/web/Calluna-Regular.eot]
[damnedbetagame.repl.co/themes/damned/assets/fonts/web/Calluna-Regulard41dd41dd41dd41d.eot]
[damnedbetagame.repl.co/themes/damned/assets/fonts/web/Calluna-Regular.woff2]
[damnedbetagame.repl.co/themes/damned/assets/fonts/web/Calluna-Regular.woff]
[damnedbetagame.repl.co/themes/damned/assets/fonts/web/Calluna-BoldIt.eot]
[damnedbetagame.repl.co/themes/damned/assets/fonts/web/Calluna-BoldItd41dd41dd41dd41d.eot]
[damnedbetagame.repl.co/themes/damned/assets/fonts/web/Calluna-BoldIt.woff2]
[damnedbetagame.repl.co/themes/damned/assets/fonts/web/Calluna-BoldIt.woff]
[damnedbetagame.repl.co/themes/damned/assets/fonts/web/BasicSans-Light.eot]
[damnedbetagame.repl.co/themes/damned/assets/fonts/web/BasicSans-Lightd41dd41dd41dd41d.eot]
[damnedbetagame.repl.co/themes/damned/assets/fonts/web/BasicSans-Light.woff2]
[damnedbetagame.repl.co/themes/damned/assets/fonts/web/BasicSans-Light.woff]
[damnedbetagame.repl.co/themes/damned/assets/images/bgs/cthulhu-v2.png]
[damnedbetagame.repl.co/themes/damned/assets/images/bgs/m-cthulhu.png]
[damnedbetagame.repl.co/themes/damned/assets/images/bgs/faces.png]
[damnedbetagame.repl.co/themes/damned/assets/images/bgs/m-faces.png]
[damnedbetagame.repl.co/themes/damned/assets/css/style.min5d245d245d245d24.css]
[damnedbetagame.repl.co/themes/damned/assets/images/damned.svg]
[damnedbetagame.repl.co/themes/damned/assets/images/orns/orn-fixed-bar.svg]
[damnedbetagame.repl.co/themes/damned/assets/images/orns/m-orn-fixed-bar.svg]
[damnedbetagame.repl.co/themes/damned/assets/images/orns/orn-section.svg]
[damnedbetagame.repl.co/cdn-cgi/l/email-protection.html]
[damnedbetagame.repl.co/modules/system/assets/css/framework.extras.css]
[damnedbetagame.repl.co/themes/elderand/assets/images/promo.html]
[damnedbetagame.repl.co/themes/elderand/assets/images/favicon8510851085108510.html]
[damnedbetagame.repl.co/themes/elderand/assets/css/style.minf3a7f3a7f3a7f3a7.html]
[damnedbetagame.repl.co/themes/elderand/assets/images/elderand-logo.html]
[damnedbetagame.repl.co/themes/elderand/assets/images/orns/orn-fixed-bar.html]
[damnedbetagame.repl.co/themes/elderand/assets/images/orns/m-orn-fixed-bar.html]
[damnedbetagame.repl.co/themes/elderand/assets/images/orns/orn-section.html]
[damnedbetagame.repl.co/themes/elderand/assets/images/parallax-banner/bg-deep-blue.html]
[damnedbetagame.repl.co/themes/elderand/assets/images/parallax-banner/parallax-04.html]
[damnedbetagame.repl.co/themes/elderand/assets/images/parallax-banner/fog-03.html]
[damnedbetagame.repl.co/themes/elderand/assets/images/parallax-banner/parallax-03.html]
[damnedbetagame.repl.co/themes/elderand/assets/images/parallax-banner/fog-02.html]
[damnedbetagame.repl.co/themes/elderand/assets/images/parallax-banner/parallax-02.html]
[damnedbetagame.repl.co/themes/elderand/assets/images/parallax-banner/fog-01.html]
[damnedbetagame.repl.co/themes/elderand/assets/images/parallax-banner/parallax-01.html]
[damnedbetagame.repl.co/themes/elderand/assets/images/logos/mantra.html]
[damnedbetagame.repl.co/themes/elderand/assets/images/logos/sinergia.html]
[damnedbetagame.repl.co/themes/elderand/assets/images/logos/ancine.html]
[damnedbetagame.repl.co/themes/elderand/assets/images/logos/brde.html]
[damnedbetagame.repl.co/themes/elderand/assets/images/logos/fsa.html]
[damnedbetagame.repl.co/themes/elderand/assets/js/main.min.html]
[damnedbetagame.repl.co/themes/damned/assets/fonts/icons/icons-elderand6262626262626262.svg]
[damnedbetagame.repl.co/themes/damned/assets/fonts/web/Calluna-Regular.svg]
[damnedbetagame.repl.co/themes/damned/assets/fonts/web/Calluna-BoldIt.svg]
[damnedbetagame.repl.co/themes/damned/assets/fonts/web/BasicSans-Light.svg]
